Cette histoire française présente un garçon qui découvre le monde avec ses amis. Voilà une journée très agréable.Cette histoire française présente un garçon qui découvre le monde avec ses amis. Voilà une journée très agréable.Cette histoire française présente un garçon qui découvre le monde avec ses amis. Voilà une journée très agréable.Cette histoire française présente un garçon qui découvre le monde avec ses amis. Voilà une journée très agréable.Cette histoire française présente un garçon qui découvre le monde avec ses amis. Voilà une journée très agréable.