Это история о путешествии. Сегодня мы читаем новую книгу и говорим о мире, дружбе и жизни.Это история о путешествии. Сегодня мы читаем новую книгу и говорим о мире, дружбе и жизни.Это история о путешествии. Сегодня мы читаем новую книгу и говорим о мире, дружбе и жизни.Это история о путешествии. Сегодня мы читаем новую книгу и говорим о мире, дружбе и жизни.Это история о путешествии. Сегодня мы читаем новую книгу и говорим о мире, дружбе и жизни.